// Jest Snapshot v1, https://goo.gl/fbAQLP

exports[`ErrorBoundary renders no error by default 1`] = `"<p>some text</p>"`;
